Backup
JXYShell
JXYShell.c
README.md
test.log
